<p><img src="https://www.kernel.org/theme/images/logos/tux.png" width="104" height="120"></p>
