<div>
  <img src="https://www.wikipedia.org/portal/wikipedia.org/assets/img/Wikipedia-logo-v2.png" width="200" height="183">
</div>
<div>
  <img src="https://upload.wikimedia.org/wikipedia/commons/9/90/CERN-aerial_1.jpg" width="4320" height="2432">
</div>
