<div>
  <img src="HTTPS://WWW.KERNEL.ORG/THEME/IMAGES/LOGOS/TUX.PNG" width="104" height="120" alt="0_undefined_https://www.kernel.org/theme/images/logos/tux.png">
  <img src="HTTPS://WWW.KERNEL.ORG/THEME/IMAGES/LOGOS/TUX.PNG" alt="1_Second_https://www.kernel.org/theme/images/logos/tux.png" width="104" height="120">
</div>
